ASxxxx Linker V02.00 + NoICE + sdld,  page 1.
Hexadecimal  [32-Bits]

Area                                    Addr        Size        Decimal Bytes (Attributes)
--------------------------------        ----        ----        ------- ----- ------------
CABS                                00000000    00000000 =           0. bytes (ABS,CON,CODE)

      Value  Global                              Global Defined In Module
      -----  --------------------------------   ------------------------
     0C:   FFFFFF00  s_BSEG                          
     0C:   00000000  l_BIT_BANK                      
     0C:   00000000  l_BSEG                          
     0C:   00000000  l_BSEG_BYTES                    
     0C:   00000000  l_CABS                          
     0C:   00000000  l_CONST                         
     0C:   00000000  l_CSEG                          
     0C:   00000000  l_GSFINAL                       
     0C:   00000000  l_GSINIT                        
     0C:   00000000  l_GSINIT0                       
     0C:   00000000  l_GSINIT1                       
     0C:   00000000  l_GSINIT2                       
     0C:   00000000  l_GSINIT3                       
     0C:   00000000  l_GSINIT4                       
     0C:   00000000  l_GSINIT5                       
     0C:   00000000  l_HOME                          
     0C:   00000000  l_IABS                          
     0C:   00000000  l_ISEG                          
     0C:   00000000  l_OSEG                          
     0C:   00000000  l_PSEG                          
     0C:   00000000  l_REG_BANK_1                    
     0C:   00000000  l_REG_BANK_2                    
     0C:   00000000  l_REG_BANK_3                    
     0C:   00000000  l_RSEG                          
     0C:   00000000  l_RSEG0                         
     0C:   00000000  l_RSEG1                         
     0C:   00000000  l_SSEG                          
     0C:   00000000  l_XABS                          
     0C:   00000000  l_XINIT                         
     0C:   00000000  l_XISEG                         
     0C:   00000000  l_XSEG                          
     0C:   00000000  l__CODE                         
     0C:   00000000  s_BSEG_BYTES                    
     0C:   00000000  s_CABS                          
     0C:   00000000  s_DSEG                          
     0C:   00000000  s_IABS                          
     0C:   00000000  s_ISEG                          
     0C:   00000000  s_REG_BANK_0                    
     0C:   00000000  s_RSEG                          
     0C:   00000000  s_RSEG0                         
     0C:   00000000  s_RSEG1                         
     0C:   00000000  s_SSEG                          
     0C:   00000000  s_XABS                          
     0C:   00000008  l_DSEG                          
     0C:   00000008  l_REG_BANK_0                    
     0C:   00000008  s_REG_BANK_1                    
     0C:   00000010  s_REG_BANK_2                    
     0C:   00000018  s_BIT_BANK                      
     0C:   00000018  s_OSEG                          
     0C:   00000018  s_REG_BANK_3                    
ASxxxx Linker V02.00 + NoICE + sdld,  page 2.
Hexadecimal  [32-Bits]

Area                                    Addr        Size        Decimal Bytes (Attributes)
--------------------------------        ----        ----        ------- ----- ------------
CABS                                00000000    00000000 =           0. bytes (ABS,CON,CODE)

      Value  Global                              Global Defined In Module
      -----  --------------------------------   ------------------------
     0C:   00000020  s__CODE                         
     0C:   00000100  l_IRAM                          
     0C:   00000400  s_CONST                         
     0C:   00000400  s_CSEG                          
     0C:   00000400  s_GSFINAL                       
     0C:   00000400  s_GSINIT                        
     0C:   00000400  s_GSINIT0                       
     0C:   00000400  s_GSINIT1                       
     0C:   00000400  s_GSINIT2                       
     0C:   00000400  s_GSINIT3                       
     0C:   00000400  s_GSINIT4                       
     0C:   00000400  s_GSINIT5                       
     0C:   00000400  s_HOME                          
     0C:   00000400  s_XINIT                         
     0C:   0000F000  s_PSEG                          
     0C:   0000F000  s_XISEG                         
     0C:   0000F000  s_XSEG                          

ASxxxx Linker V02.00 + NoICE + sdld,  page 3.
Hexadecimal  [32-Bits]

Area                                    Addr        Size        Decimal Bytes (Attributes)
--------------------------------        ----        ----        ------- ----- ------------
.	.ABS.                             00000000    00000000 =           0. bytes (ABS,CON)

      Value  Global                              Global Defined In Module
      -----  --------------------------------   ------------------------
           00000000  .__.ABS.                           xpage
           00000093  __XPAGE                            xpage

ASxxxx Linker V02.00 + NoICE + sdld,  page 4.
Hexadecimal  [32-Bits]

Area                                    Addr        Size        Decimal Bytes (Attributes)
--------------------------------        ----        ----        ------- ----- ------------
REG_BANK_0                          00000000    00000008 =           8. bytes (REL,OVR)

      Value  Global                              Global Defined In Module
      -----  --------------------------------   ------------------------
ASxxxx Linker V02.00 + NoICE + sdld,  page 5.
Hexadecimal  [32-Bits]

Area                                    Addr        Size        Decimal Bytes (Attributes)
--------------------------------        ----        ----        ------- ----- ------------
DSEG                                00000000    00000008 =           8. bytes (REL,CON)

      Value  Global                              Global Defined In Module
      -----  --------------------------------   ------------------------
ASxxxx Linker V02.00 + NoICE + sdld,  page 6.

Files Linked                              [ module(s) ]

libraries/xpage/xpage.rel                 [  ]

ASxxxx Linker V02.00 + NoICE + sdld,  page 7.

User Base Address Definitions

HOME = 0x0400
XSEG = 0xf000
PSEG = 0xf000
ISEG = 0x0000
BSEG = 0x0000

